// Jest Snapshot v1, https://goo.gl/fbAQLP

exports[`<PrayerTime /> <PrayerTime /> when prayer is active 1`] = `"<div class=\\"sc-bczRLJ gUmIMj\\"><div class=\\"sc-gsnTZi KeiYk\\"><div class=\\"sc-hKMtZM sc-eCYdqJ ijvmlV gbLpsd\\">Fajr</div><div class=\\"sc-hKMtZM sc-jSMfEi ijvmlV bUizlG\\">14:15</div><div style=\\"color:gray\\" class=\\"sc-hKMtZM sc-jSMfEi sc-gKXOVf ijvmlV bUizlG eLqrfm\\">-</div><div class=\\"sc-hKMtZM sc-jSMfEi sc-gKXOVf sc-iBkjds ijvmlV bUizlG eLqrfm gFDctj\\">15:15</div></div></div>"`;

exports[`<PrayerTime /> <PrayerTime /> when prayer is not active 1`] = `"<div class=\\"sc-bczRLJ iepBLT\\"><div class=\\"sc-gsnTZi KeiYk\\"><div class=\\"sc-hKMtZM sc-eCYdqJ ijvmlV gbLpsd\\">Fajr</div><div class=\\"sc-hKMtZM sc-jSMfEi ijvmlV bUizlG\\">14:15</div><div style=\\"color:gray\\" class=\\"sc-hKMtZM sc-jSMfEi sc-gKXOVf ijvmlV bUizlG eLqrfm\\">-</div><div class=\\"sc-hKMtZM sc-jSMfEi sc-gKXOVf sc-iBkjds ijvmlV bUizlG eLqrfm ewNnOv\\">15:15</div></div></div>"`;

exports[`<PrayerTime /> <PrayerTime /> when reminder is active 1`] = `"<div class=\\"sc-bczRLJ gUmIMj\\"><div class=\\"sc-gsnTZi KeiYk\\"><div class=\\"sc-hKMtZM sc-eCYdqJ ijvmlV gbLpsd\\">Fajr</div><div class=\\"sc-hKMtZM sc-jSMfEi ijvmlV bUizlG\\">14:15</div><div style=\\"color:gray\\" class=\\"sc-hKMtZM sc-jSMfEi sc-gKXOVf ijvmlV bUizlG eLqrfm\\">-</div><div style=\\"color:red\\" class=\\"sc-hKMtZM sc-jSMfEi sc-gKXOVf sc-iBkjds ijvmlV bUizlG eLqrfm gFDctj\\">15:00</div></div></div>"`;
